<?php return array (
  0 => 'Symfony\\Bundle\\FrameworkBundle\\Controller\\AbstractController',
  1 => 'Symfony\\Bundle\\FrameworkBundle\\Controller\\Controller',
  2 => 'Doctrine\\Bundle\\DoctrineBundle\\Controller\\ProfilerController',
  3 => 'Doctrine\\ORM\\Cache\\Persister\\Entity\\AbstractEntityPersister',
  4 => 'Doctrine\\ORM\\Cache\\Persister\\Entity\\CachedEntityPersister',
  5 => 'Doctrine\\ORM\\Cache\\Persister\\Entity\\NonStrictReadWriteCachedEntityPersister',
  6 => 'Doctrine\\ORM\\Cache\\Persister\\Entity\\ReadOnlyCachedEntityPersister',
  7 => 'Doctrine\\ORM\\Cache\\Persister\\Entity\\ReadWriteCachedEntityPersister',
  8 => 'Doctrine\\ORM\\Persisters\\Entity\\AbstractEntityInheritancePersister',
  9 => 'Doctrine\\ORM\\Persisters\\Entity\\BasicEntityPersister',
  10 => 'Doctrine\\ORM\\Persisters\\Entity\\CachedPersisterContext',
  11 => 'Doctrine\\ORM\\Persisters\\Entity\\EntityPersister',
  12 => 'Doctrine\\ORM\\Persisters\\Entity\\JoinedSubclassPersister',
  13 => 'Doctrine\\ORM\\Persisters\\Entity\\SingleTablePersister',
  14 => 'PrestaShopBundle\\Controller\\Admin\\AddonsController',
  15 => 'PrestaShopBundle\\Controller\\Admin\\AttachementProductController',
  16 => 'PrestaShopBundle\\Controller\\Admin\\AttributeController',
  17 => 'PrestaShopBundle\\Controller\\Admin\\CategoryController',
  18 => 'PrestaShopBundle\\Controller\\Admin\\CombinationController',
  19 => 'PrestaShopBundle\\Controller\\Admin\\CommonController',
  20 => 'PrestaShopBundle\\Controller\\Admin\\Configure\\AdvancedParameters\\AdministrationController',
  21 => 'PrestaShopBundle\\Controller\\Admin\\Configure\\AdvancedParameters\\ImportController',
  22 => 'PrestaShopBundle\\Controller\\Admin\\Configure\\AdvancedParameters\\LogsController',
  23 => 'PrestaShopBundle\\Controller\\Admin\\Configure\\AdvancedParameters\\MemcacheServerController',
  24 => 'PrestaShopBundle\\Controller\\Admin\\Configure\\AdvancedParameters\\PerformanceController',
  25 => 'PrestaShopBundle\\Controller\\Admin\\Configure\\AdvancedParameters\\SystemInformationController',
  26 => 'PrestaShopBundle\\Controller\\Admin\\Configure\\ShopParameters\\CustomerPreferencesController',
  27 => 'PrestaShopBundle\\Controller\\Admin\\Configure\\ShopParameters\\MaintenanceController',
  28 => 'PrestaShopBundle\\Controller\\Admin\\Configure\\ShopParameters\\PreferencesController',
  29 => 'PrestaShopBundle\\Controller\\Admin\\Configure\\ShopParameters\\ProductPreferencesController',
  30 => 'PrestaShopBundle\\Controller\\Admin\\FeatureController',
  31 => 'PrestaShopBundle\\Controller\\Admin\\FrameworkBundleAdminController',
  32 => 'PrestaShopBundle\\Controller\\Admin\\Improve\\AddonsStoreController',
  33 => 'PrestaShopBundle\\Controller\\Admin\\ModuleController',
  34 => 'PrestaShopBundle\\Controller\\Admin\\ProductController',
  35 => 'PrestaShopBundle\\Controller\\Admin\\ProductImageController',
  36 => 'PrestaShopBundle\\Controller\\Admin\\SecurityController',
  37 => 'PrestaShopBundle\\Controller\\Admin\\SpecificPriceController',
  38 => 'PrestaShopBundle\\Controller\\Admin\\StockController',
  39 => 'PrestaShopBundle\\Controller\\Admin\\SupplierController',
  40 => 'PrestaShopBundle\\Controller\\Admin\\TranslationsController',
  41 => 'PrestaShopBundle\\Controller\\Admin\\VirtualProductController',
  42 => 'PrestaShopBundle\\Controller\\Admin\\WarehouseController',
  43 => 'PrestaShopBundle\\Controller\\Api\\ApiController',
  44 => 'PrestaShopBundle\\Controller\\Api\\AttributeController',
  45 => 'PrestaShopBundle\\Controller\\Api\\CategoryController',
  46 => 'PrestaShopBundle\\Controller\\Api\\FeatureController',
  47 => 'PrestaShopBundle\\Controller\\Api\\I18nController',
  48 => 'PrestaShopBundle\\Controller\\Api\\ManufacturerController',
  49 => 'PrestaShopBundle\\Controller\\Api\\StockController',
  50 => 'PrestaShopBundle\\Controller\\Api\\StockMovementController',
  51 => 'PrestaShopBundle\\Controller\\Api\\SupplierController',
  52 => 'PrestaShopBundle\\Controller\\Api\\TranslationController',
  53 => 'PrestaShopBundle\\Entity\\AdminFilter',
  54 => 'PrestaShopBundle\\Entity\\Attribute',
  55 => 'PrestaShopBundle\\Entity\\AttributeGroup',
  56 => 'PrestaShopBundle\\Entity\\AttributeGroupLang',
  57 => 'PrestaShopBundle\\Entity\\AttributeLang',
  58 => 'PrestaShopBundle\\Entity\\Lang',
  59 => 'PrestaShopBundle\\Entity\\ModuleHistory',
  60 => 'PrestaShopBundle\\Entity\\ProductIdentity',
  61 => 'PrestaShopBundle\\Entity\\Repository\\AttributeGroupLangRepository',
  62 => 'PrestaShopBundle\\Entity\\Repository\\AttributeGroupRepository',
  63 => 'PrestaShopBundle\\Entity\\Repository\\AttributeLangRepository',
  64 => 'PrestaShopBundle\\Entity\\Repository\\AttributeRepository',
  65 => 'PrestaShopBundle\\Entity\\Repository\\CategoryRepository',
  66 => 'PrestaShopBundle\\Entity\\Repository\\FeatureAttributeRepository',
  67 => 'PrestaShopBundle\\Entity\\Repository\\LangRepository',
  68 => 'PrestaShopBundle\\Entity\\Repository\\LogRepository',
  69 => 'PrestaShopBundle\\Entity\\Repository\\ManufacturerRepository',
  70 => 'PrestaShopBundle\\Entity\\Repository\\NormalizeFieldTrait',
  71 => 'PrestaShopBundle\\Entity\\Repository\\ShopGroupRepository',
  72 => 'PrestaShopBundle\\Entity\\Repository\\ShopRepository',
  73 => 'PrestaShopBundle\\Entity\\Repository\\StockManagementRepository',
  74 => 'PrestaShopBundle\\Entity\\Repository\\StockMovementRepository',
  75 => 'PrestaShopBundle\\Entity\\Repository\\StockRepository',
  76 => 'PrestaShopBundle\\Entity\\Repository\\SupplierRepository',
  77 => 'PrestaShopBundle\\Entity\\Repository\\TabLangRepository',
  78 => 'PrestaShopBundle\\Entity\\Repository\\TabRepository',
  79 => 'PrestaShopBundle\\Entity\\Repository\\TranslationRepository',
  80 => 'PrestaShopBundle\\Entity\\Shop',
  81 => 'PrestaShopBundle\\Entity\\ShopGroup',
  82 => 'PrestaShopBundle\\Entity\\StockMvt',
  83 => 'PrestaShopBundle\\Entity\\Tab',
  84 => 'PrestaShopBundle\\Entity\\TabLang',
  85 => 'PrestaShopBundle\\Entity\\Translation',
  88 => 'Symfony\\Bundle\\FrameworkBundle\\Controller\\ControllerNameParser',
  89 => 'Symfony\\Bundle\\FrameworkBundle\\Controller\\ControllerResolver',
  90 => 'Symfony\\Bundle\\FrameworkBundle\\Controller\\ControllerTrait',
  91 => 'Symfony\\Bundle\\FrameworkBundle\\Controller\\RedirectController',
  92 => 'Symfony\\Bundle\\FrameworkBundle\\Controller\\TemplateController',
  93 => 'Symfony\\Bundle\\TwigBundle\\Controller\\ExceptionController',
  94 => 'Symfony\\Bundle\\TwigBundle\\Controller\\PreviewErrorController',
  95 => 'Symfony\\Bundle\\WebProfilerBundle\\Controller\\ExceptionController',
  96 => 'Symfony\\Bundle\\WebProfilerBundle\\Controller\\ProfilerController',
  97 => 'Symfony\\Bundle\\WebProfilerBundle\\Controller\\RouterController',
  98 => 'Symfony\\Component\\HttpKernel\\Controller\\ArgumentResolver',
  99 => 'Symfony\\Component\\HttpKernel\\Controller\\ArgumentResolverInterface',
  100 => 'Symfony\\Component\\HttpKernel\\Controller\\ArgumentResolver\\DefaultValueResolver',
  101 => 'Symfony\\Component\\HttpKernel\\Controller\\ArgumentResolver\\RequestAttributeValueResolver',
  102 => 'Symfony\\Component\\HttpKernel\\Controller\\ArgumentResolver\\RequestValueResolver',
  103 => 'Symfony\\Component\\HttpKernel\\Controller\\ArgumentResolver\\ServiceValueResolver',
  104 => 'Symfony\\Component\\HttpKernel\\Controller\\ArgumentResolver\\SessionValueResolver',
  105 => 'Symfony\\Component\\HttpKernel\\Controller\\ArgumentResolver\\VariadicValueResolver',
  106 => 'Symfony\\Component\\HttpKernel\\Controller\\ArgumentValueResolverInterface',
  107 => 'Symfony\\Component\\HttpKernel\\Controller\\ContainerControllerResolver',
  108 => 'Symfony\\Component\\HttpKernel\\Controller\\ControllerReference',
  109 => 'Symfony\\Component\\HttpKernel\\Controller\\ControllerResolver',
  110 => 'Symfony\\Component\\HttpKernel\\Controller\\ControllerResolverInterface',
  111 => 'Symfony\\Component\\HttpKernel\\Controller\\TraceableArgumentResolver',
  112 => 'Symfony\\Component\\HttpKernel\\Controller\\TraceableControllerResolver',
);